[program-pembelajaran-gmb-76c1rz4.gamma.site/index.html]
[backblue.gif]
[fade.gif]
[index.html]
[program-pembelajaran-gmb-76c1rz4.gamma.site/_next/static/css/7f1bf32feb6a8541.css]
[program-pembelajaran-gmb-76c1rz4.gamma.site/_next/static/css/c5909dc245a8df8d.css]
[program-pembelajaran-gmb-76c1rz4.gamma.site/_next/static/chunks/polyfills-78c92fac7aa8fdd8.js]
[program-pembelajaran-gmb-76c1rz4.gamma.site/_next/static/chunks/webpack-f24c800619723f15.js]
[program-pembelajaran-gmb-76c1rz4.gamma.site/_next/static/chunks/framework-2f78ac0a0f267d65.js]
[program-pembelajaran-gmb-76c1rz4.gamma.site/_next/static/chunks/main-9017a88c46c7a2eb.js]
[program-pembelajaran-gmb-76c1rz4.gamma.site/_next/static/chunks/pages/_app-c4482e5d57b7a6a9.js]
[program-pembelajaran-gmb-76c1rz4.gamma.site/_next/static/chunks/5adc83ef-8e07286a1a4aed9b.js]
[program-pembelajaran-gmb-76c1rz4.gamma.site/_next/static/chunks/93656207-c6f3489c8866f693.js]
[program-pembelajaran-gmb-76c1rz4.gamma.site/_next/static/chunks/69bd6bf3-583fd1786d6463f8.js]
[program-pembelajaran-gmb-76c1rz4.gamma.site/_next/static/chunks/b4d7d80c-da42a3086aafde9e.js]
[program-pembelajaran-gmb-76c1rz4.gamma.site/_next/static/chunks/ad54e6ef-6fc63f30e1d3513e.js]
[program-pembelajaran-gmb-76c1rz4.gamma.site/_next/static/chunks/8c469d57-15109969c63e1543.js]
[program-pembelajaran-gmb-76c1rz4.gamma.site/_next/static/chunks/2edb282b-a83f7ffd007bccf0.js]
[program-pembelajaran-gmb-76c1rz4.gamma.site/_next/static/chunks/998ccc15-ad35dfdb33c695e6.js]
[program-pembelajaran-gmb-76c1rz4.gamma.site/_next/static/chunks/b13ba9de-11ef9f2e07c3e310.js]
[program-pembelajaran-gmb-76c1rz4.gamma.site/_next/static/chunks/91bbf309-384c42be65e3e52b.js]
[program-pembelajaran-gmb-76c1rz4.gamma.site/_next/static/chunks/b155a556-fcae5884b6180690.js]
[program-pembelajaran-gmb-76c1rz4.gamma.site/_next/static/chunks/d08a6a05-d92448afdf309bb8.js]
[program-pembelajaran-gmb-76c1rz4.gamma.site/_next/static/chunks/9b583bcd-f8f16bc96d67efb2.js]
[program-pembelajaran-gmb-76c1rz4.gamma.site/_next/static/chunks/1035ef44-e4d66d81a61710cd.js]
[program-pembelajaran-gmb-76c1rz4.gamma.site/_next/static/chunks/b779bb5e-28b0d806a81f2318.js]
[program-pembelajaran-gmb-76c1rz4.gamma.site/_next/static/chunks/a29ae703-de9ed4e81359daba.js]
[program-pembelajaran-gmb-76c1rz4.gamma.site/_next/static/chunks/4584-ab22e77db1c86c64.js]
[program-pembelajaran-gmb-76c1rz4.gamma.site/_next/static/chunks/5331-6f01a8bb8940ae8a.js]
[program-pembelajaran-gmb-76c1rz4.gamma.site/_next/static/chunks/pages/published/[docId]-c1057168b5b68c18.js]
[program-pembelajaran-gmb-76c1rz4.gamma.site/_next/static/iMcS-bokyE39xqUW3dIwU/_buildManifest.js]
[program-pembelajaran-gmb-76c1rz4.gamma.site/_next/static/iMcS-bokyE39xqUW3dIwU/_ssgManifest.js]
[program-pembelajaran-gmb-76c1rz4.gamma.site/_next/static/media/GammaLogoGradient.43edb67f.svg]
[program-pembelajaran-gmb-76c1rz4.gamma.site/syllab.ai]
[program-pembelajaran-gmb-76c1rz4.gamma.site/index.html]
[program-pembelajaran-gmb-76c1rz4.gamma.site/_next/static/media/KaTeX_AMS-Regular.a79f1c31.woff2]
[program-pembelajaran-gmb-76c1rz4.gamma.site/_next/static/media/KaTeX_AMS-Regular.1608a09b.woff]
[program-pembelajaran-gmb-76c1rz4.gamma.site/_next/static/media/KaTeX_AMS-Regular.4aafdb68.ttf]
[program-pembelajaran-gmb-76c1rz4.gamma.site/_next/static/media/KaTeX_Caligraphic-Bold.ec17d132.woff2]
[program-pembelajaran-gmb-76c1rz4.gamma.site/_next/static/media/KaTeX_Caligraphic-Bold.b6770918.woff]
[program-pembelajaran-gmb-76c1rz4.gamma.site/_next/static/media/KaTeX_Caligraphic-Bold.cce5b8ec.ttf]
[program-pembelajaran-gmb-76c1rz4.gamma.site/_next/static/media/KaTeX_Caligraphic-Regular.55fac258.woff2]
[program-pembelajaran-gmb-76c1rz4.gamma.site/_next/static/media/KaTeX_Caligraphic-Regular.dad44a7f.woff]
[program-pembelajaran-gmb-76c1rz4.gamma.site/_next/static/media/KaTeX_Caligraphic-Regular.07ef19e7.ttf]
[program-pembelajaran-gmb-76c1rz4.gamma.site/_next/static/media/KaTeX_Fraktur-Bold.d42a5579.woff2]
[program-pembelajaran-gmb-76c1rz4.gamma.site/_next/static/media/KaTeX_Fraktur-Bold.9f256b85.woff]
[program-pembelajaran-gmb-76c1rz4.gamma.site/_next/static/media/KaTeX_Fraktur-Bold.b18f59e1.ttf]
[program-pembelajaran-gmb-76c1rz4.gamma.site/_next/static/media/KaTeX_Fraktur-Regular.d3c882a6.woff2]
[program-pembelajaran-gmb-76c1rz4.gamma.site/_next/static/media/KaTeX_Fraktur-Regular.7c187121.woff]
[program-pembelajaran-gmb-76c1rz4.gamma.site/_next/static/media/KaTeX_Fraktur-Regular.ed38e79f.ttf]
[program-pembelajaran-gmb-76c1rz4.gamma.site/_next/static/media/KaTeX_Main-Bold.c3fb5ac2.woff2]
[program-pembelajaran-gmb-76c1rz4.gamma.site/_next/static/media/KaTeX_Main-Bold.d181c465.woff]
[program-pembelajaran-gmb-76c1rz4.gamma.site/_next/static/media/KaTeX_Main-Bold.b74a1a8b.ttf]
[program-pembelajaran-gmb-76c1rz4.gamma.site/_next/static/media/KaTeX_Main-BoldItalic.6f2bb1df.woff2]
[program-pembelajaran-gmb-76c1rz4.gamma.site/_next/static/media/KaTeX_Main-BoldItalic.e3f82f9d.woff]
[program-pembelajaran-gmb-76c1rz4.gamma.site/_next/static/media/KaTeX_Main-BoldItalic.70d8b0a5.ttf]
[program-pembelajaran-gmb-76c1rz4.gamma.site/_next/static/media/KaTeX_Main-Italic.8916142b.woff2]
[program-pembelajaran-gmb-76c1rz4.gamma.site/_next/static/media/KaTeX_Main-Italic.9024d815.woff]
[program-pembelajaran-gmb-76c1rz4.gamma.site/_next/static/media/KaTeX_Main-Italic.47373d1e.ttf]
[program-pembelajaran-gmb-76c1rz4.gamma.site/_next/static/media/KaTeX_Main-Regular.0462f03b.woff2]
[program-pembelajaran-gmb-76c1rz4.gamma.site/_next/static/media/KaTeX_Main-Regular.7f51fe03.woff]
[program-pembelajaran-gmb-76c1rz4.gamma.site/_next/static/media/KaTeX_Main-Regular.b7f8fe9b.ttf]
[program-pembelajaran-gmb-76c1rz4.gamma.site/_next/static/media/KaTeX_Math-BoldItalic.572d331f.woff2]
[program-pembelajaran-gmb-76c1rz4.gamma.site/_next/static/media/KaTeX_Math-BoldItalic.f1035d8d.woff]
[program-pembelajaran-gmb-76c1rz4.gamma.site/_next/static/media/KaTeX_Math-BoldItalic.a879cf83.ttf]
[program-pembelajaran-gmb-76c1rz4.gamma.site/_next/static/media/KaTeX_Math-Italic.f28c23ac.woff2]
[program-pembelajaran-gmb-76c1rz4.gamma.site/_next/static/media/KaTeX_Math-Italic.5295ba48.woff]
[program-pembelajaran-gmb-76c1rz4.gamma.site/_next/static/media/KaTeX_Math-Italic.939bc644.ttf]
[program-pembelajaran-gmb-76c1rz4.gamma.site/_next/static/media/KaTeX_SansSerif-Bold.8c5b5494.woff2]
[program-pembelajaran-gmb-76c1rz4.gamma.site/_next/static/media/KaTeX_SansSerif-Bold.bf59d231.woff]
[program-pembelajaran-gmb-76c1rz4.gamma.site/_next/static/media/KaTeX_SansSerif-Bold.94e1e8dc.ttf]
[program-pembelajaran-gmb-76c1rz4.gamma.site/_next/static/media/KaTeX_SansSerif-Italic.3b1e59b3.woff2]
[program-pembelajaran-gmb-76c1rz4.gamma.site/_next/static/media/KaTeX_SansSerif-Italic.7c9bc82b.woff]
[program-pembelajaran-gmb-76c1rz4.gamma.site/_next/static/media/KaTeX_SansSerif-Italic.b4c20c84.ttf]
[program-pembelajaran-gmb-76c1rz4.gamma.site/_next/static/media/KaTeX_SansSerif-Regular.ba21ed5f.woff2]
[program-pembelajaran-gmb-76c1rz4.gamma.site/_next/static/media/KaTeX_SansSerif-Regular.74048478.woff]
[program-pembelajaran-gmb-76c1rz4.gamma.site/_next/static/media/KaTeX_SansSerif-Regular.d4d7ba48.ttf]
[program-pembelajaran-gmb-76c1rz4.gamma.site/_next/static/media/KaTeX_Script-Regular.03e9641d.woff2]
[program-pembelajaran-gmb-76c1rz4.gamma.site/_next/static/media/KaTeX_Script-Regular.07505710.woff]
[program-pembelajaran-gmb-76c1rz4.gamma.site/_next/static/media/KaTeX_Script-Regular.fe9cbbe1.ttf]
[program-pembelajaran-gmb-76c1rz4.gamma.site/_next/static/media/KaTeX_Size1-Regular.eae34984.woff2]
[program-pembelajaran-gmb-76c1rz4.gamma.site/_next/static/media/KaTeX_Size1-Regular.e1e279cb.woff]
[program-pembelajaran-gmb-76c1rz4.gamma.site/_next/static/media/KaTeX_Size1-Regular.fabc004a.ttf]
[program-pembelajaran-gmb-76c1rz4.gamma.site/_next/static/media/KaTeX_Size2-Regular.5916a24f.woff2]
[program-pembelajaran-gmb-76c1rz4.gamma.site/_next/static/media/KaTeX_Size2-Regular.57727022.woff]
[program-pembelajaran-gmb-76c1rz4.gamma.site/_next/static/media/KaTeX_Size2-Regular.d6b476ec.ttf]
[program-pembelajaran-gmb-76c1rz4.gamma.site/_next/static/media/KaTeX_Size3-Regular.b4230e7e.woff2]
[program-pembelajaran-gmb-76c1rz4.gamma.site/_next/static/media/KaTeX_Size3-Regular.9acaf01c.woff]
[program-pembelajaran-gmb-76c1rz4.gamma.site/_next/static/media/KaTeX_Size3-Regular.a144ef58.ttf]
[program-pembelajaran-gmb-76c1rz4.gamma.site/_next/static/media/KaTeX_Size4-Regular.10d95fd3.woff2]
[program-pembelajaran-gmb-76c1rz4.gamma.site/_next/static/media/KaTeX_Size4-Regular.7a996c9d.woff]
[program-pembelajaran-gmb-76c1rz4.gamma.site/_next/static/media/KaTeX_Size4-Regular.fbccdabe.ttf]
[program-pembelajaran-gmb-76c1rz4.gamma.site/_next/static/media/KaTeX_Typewriter-Regular.a8709e36.woff2]
[program-pembelajaran-gmb-76c1rz4.gamma.site/_next/static/media/KaTeX_Typewriter-Regular.6258592b.woff]
[program-pembelajaran-gmb-76c1rz4.gamma.site/_next/static/media/KaTeX_Typewriter-Regular.d97aaf4a.ttf]
[program-pembelajaran-gmb-76c1rz4.gamma.site/_next/static/css/7f1bf32feb6a8541.css]
[program-pembelajaran-gmb-76c1rz4.gamma.site/_next/static/css/c5909dc245a8df8d.css]
[imgproxy.gamma.app/resize/quality/resizing_type_fit/width_2400/https_/cdn.gamma.app/theme_images/aurora/aurora-9_86948ce8.jpg]
[imgproxy.gamma.app/resize/quality/resizing_type_fit/width_400/height_400/https_/cdn.gamma.app/hz82zitewjn9d0s/generated-images/u-6V7IyAQL4se-xSdqb8-.jpg]
[imgproxy.gamma.app/resize/quality/resizing_type_fit/width_2000/https_/cdn.gamma.app/hz82zitewjn9d0s/edited-images/DmGALr7jq2R6dfUJ.png]
[program-pembelajaran-gmb-76c1rz4.gamma.site/_next/static/media/GammaLogoGradient.43edb67f.svg]
[program-pembelajaran-gmb-76c1rz4.gamma.site/syllab.html]
